// Jest Snapshot v1, https://goo.gl/fbAQLP

exports[`works when displaying a card 1`] = `undefined`;
